// Jest Snapshot v1, https://goo.gl/fbAQLP

exports[`Chat window renders a chat window with messages 1`] = `
"                                        [43m[30m📣   Announcement 📣[39m[49m
[32m[Mr. Test]: [37mHello, world![39m[32m[39m
[31m╔══════════════════════════════════════════════════════════════════════════════════════════════════╗[39m
[31m║[39m                                                                                                  [31m║[39m
[31m║[39m                                        [1m[40m[31m  🚨  Error  🚨  [39m[49m[22m                                         [31m║[39m
[31m║[39m                                                                                                  [31m║[39m
[31m╚══════════════════════════════════════════════════════════════════════════════════════════════════╝[39m
[33mSystem message[39m

"
`;

exports[`Chat window renders an empty chat window 1`] = `""`;
